// Jest Snapshot v1, https://goo.gl/fbAQLP

exports[`Loader component Matches snapshot - invisible 1`] = `
<div
  className="custom-loader-div"
  data-testid="spinner"
/>
`;

exports[`Loader component Matches snapshot - visible 1`] = `
<div
  className="custom-loader-div"
  data-testid="spinner"
>
  <div
    className="react-spinner-material"
    style={
      Object {
        "borderColor": "#6435c9",
        "borderWidth": 5,
        "height": 80,
        "width": 80,
      }
    }
  />
</div>
`;
